Archive member included to satisfy reference by file (symbol)

/usr/local/Cellar/arm-gcc-bin/7-2018-q2-update/bin/../lib/gcc/arm-none-eabi/7.3.1/thumb/v6-m/libgcc.a(_udivsi3.o)
                              ./system/src/stm32f0-stdperiph/stm32f0xx_rcc.o (__aeabi_uidiv)
/usr/local/Cellar/arm-gcc-bin/7-2018-q2-update/bin/../lib/gcc/arm-none-eabi/7.3.1/thumb/v6-m/libgcc.a(_dvmd_tls.o)
                              /usr/local/Cellar/arm-gcc-bin/7-2018-q2-update/bin/../lib/gcc/arm-none-eabi/7.3.1/thumb/v6-m/libgcc.a(_udivsi3.o) (__aeabi_idiv0)
/usr/local/Cellar/arm-gcc-bin/7-2018-q2-update/bin/../lib/gcc/arm-none-eabi/7.3.1/../../../../arm-none-eabi/lib/thumb/v6-m/libg_nano.a(lib_a-errno.o)
                              ./system/src/newlib/_sbrk.o (__errno)
/usr/local/Cellar/arm-gcc-bin/7-2018-q2-update/bin/../lib/gcc/arm-none-eabi/7.3.1/../../../../arm-none-eabi/lib/thumb/v6-m/libg_nano.a(lib_a-impure.o)
                              /usr/local/Cellar/arm-gcc-bin/7-2018-q2-update/bin/../lib/gcc/arm-none-eabi/7.3.1/../../../../arm-none-eabi/lib/thumb/v6-m/libg_nano.a(lib_a-errno.o) (_impure_ptr)
/usr/local/Cellar/arm-gcc-bin/7-2018-q2-update/bin/../lib/gcc/arm-none-eabi/7.3.1/../../../../arm-none-eabi/lib/thumb/v6-m/libg_nano.a(lib_a-strlen.o)
                              ./system/src/diag/Trace.o (strlen)
/usr/local/Cellar/arm-gcc-bin/7-2018-q2-update/bin/../lib/gcc/arm-none-eabi/7.3.1/../../../../arm-none-eabi/lib/thumb/v6-m/libg_nano.a(lib_a-vsnprintf.o)
                              ./system/src/diag/Trace.o (vsnprintf)
/usr/local/Cellar/arm-gcc-bin/7-2018-q2-update/bin/../lib/gcc/arm-none-eabi/7.3.1/../../../../arm-none-eabi/lib/thumb/v6-m/libg_nano.a(lib_a-nano-svfprintf.o)
                              /usr/local/Cellar/arm-gcc-bin/7-2018-q2-update/bin/../lib/gcc/arm-none-eabi/7.3.1/../../../../arm-none-eabi/lib/thumb/v6-m/libg_nano.a(lib_a-vsnprintf.o) (_svfprintf_r)
/usr/local/Cellar/arm-gcc-bin/7-2018-q2-update/bin/../lib/gcc/arm-none-eabi/7.3.1/../../../../arm-none-eabi/lib/thumb/v6-m/libg_nano.a(lib_a-nano-vfprintf_i.o)
                              /usr/local/Cellar/arm-gcc-bin/7-2018-q2-update/bin/../lib/gcc/arm-none-eabi/7.3.1/../../../../arm-none-eabi/lib/thumb/v6-m/libg_nano.a(lib_a-nano-svfprintf.o) (_printf_i)
/usr/local/Cellar/arm-gcc-bin/7-2018-q2-update/bin/../lib/gcc/arm-none-eabi/7.3.1/../../../../arm-none-eabi/lib/thumb/v6-m/libg_nano.a(lib_a-memchr-stub.o)
                              /usr/local/Cellar/arm-gcc-bin/7-2018-q2-update/bin/../lib/gcc/arm-none-eabi/7.3.1/../../../../arm-none-eabi/lib/thumb/v6-m/libg_nano.a(lib_a-nano-svfprintf.o) (memchr)
/usr/local/Cellar/arm-gcc-bin/7-2018-q2-update/bin/../lib/gcc/arm-none-eabi/7.3.1/../../../../arm-none-eabi/lib/thumb/v6-m/libg_nano.a(lib_a-memcpy-stub.o)
                              /usr/local/Cellar/arm-gcc-bin/7-2018-q2-update/bin/../lib/gcc/arm-none-eabi/7.3.1/../../../../arm-none-eabi/lib/thumb/v6-m/libg_nano.a(lib_a-nano-svfprintf.o) (memcpy)
/usr/local/Cellar/arm-gcc-bin/7-2018-q2-update/bin/../lib/gcc/arm-none-eabi/7.3.1/../../../../arm-none-eabi/lib/thumb/v6-m/libg_nano.a(lib_a-memmove.o)
                              /usr/local/Cellar/arm-gcc-bin/7-2018-q2-update/bin/../lib/gcc/arm-none-eabi/7.3.1/../../../../arm-none-eabi/lib/thumb/v6-m/libg_nano.a(lib_a-nano-svfprintf.o) (memmove)
/usr/local/Cellar/arm-gcc-bin/7-2018-q2-update/bin/../lib/gcc/arm-none-eabi/7.3.1/../../../../arm-none-eabi/lib/thumb/v6-m/libg_nano.a(lib_a-nano-freer.o)
                              /usr/local/Cellar/arm-gcc-bin/7-2018-q2-update/bin/../lib/gcc/arm-none-eabi/7.3.1/../../../../arm-none-eabi/lib/thumb/v6-m/libg_nano.a(lib_a-nano-svfprintf.o) (_free_r)
/usr/local/Cellar/arm-gcc-bin/7-2018-q2-update/bin/../lib/gcc/arm-none-eabi/7.3.1/../../../../arm-none-eabi/lib/thumb/v6-m/libg_nano.a(lib_a-nano-mallocr.o)
                              /usr/local/Cellar/arm-gcc-bin/7-2018-q2-update/bin/../lib/gcc/arm-none-eabi/7.3.1/../../../../arm-none-eabi/lib/thumb/v6-m/libg_nano.a(lib_a-nano-svfprintf.o) (_malloc_r)
/usr/local/Cellar/arm-gcc-bin/7-2018-q2-update/bin/../lib/gcc/arm-none-eabi/7.3.1/../../../../arm-none-eabi/lib/thumb/v6-m/libg_nano.a(lib_a-nano-reallocr.o)
                              /usr/local/Cellar/arm-gcc-bin/7-2018-q2-update/bin/../lib/gcc/arm-none-eabi/7.3.1/../../../../arm-none-eabi/lib/thumb/v6-m/libg_nano.a(lib_a-nano-svfprintf.o) (_realloc_r)
/usr/local/Cellar/arm-gcc-bin/7-2018-q2-update/bin/../lib/gcc/arm-none-eabi/7.3.1/../../../../arm-none-eabi/lib/thumb/v6-m/libg_nano.a(lib_a-sbrkr.o)
                              /usr/local/Cellar/arm-gcc-bin/7-2018-q2-update/bin/../lib/gcc/arm-none-eabi/7.3.1/../../../../arm-none-eabi/lib/thumb/v6-m/libg_nano.a(lib_a-nano-mallocr.o) (_sbrk_r)
/usr/local/Cellar/arm-gcc-bin/7-2018-q2-update/bin/../lib/gcc/arm-none-eabi/7.3.1/../../../../arm-none-eabi/lib/thumb/v6-m/libg_nano.a(lib_a-mlock.o)
[...]
Memory Configuration

Name             Origin             Length             Attributes
RAM              0x0000000020000000 0x0000000000002000 xrw
CCMRAM           0x0000000000000000 0x0000000000000000 xrw
FLASH            0x0000000008000000 0x0000000000010000 xr
FLASHB1          0x0000000000000000 0x0000000000000000 xr
EXTMEMB0         0x0000000000000000 0x0000000000000000 xr
EXTMEMB1         0x0000000000000000 0x0000000000000000 xr
EXTMEMB2         0x0000000000000000 0x0000000000000000 xr
EXTMEMB3         0x0000000000000000 0x0000000000000000 xr
MEMORY_ARRAY     0x0000000000000000 0x0000000000000000 xrw
*default*        0x0000000000000000 0xffffffffffffffff

Linker script and memory map

LOAD ./system/src/stm32f0-stdperiph/stm32f0xx_gpio.o
LOAD ./system/src/stm32f0-stdperiph/stm32f0xx_rcc.o
LOAD ./system/src/newlib/_cxx.o
LOAD ./system/src/newlib/_exit.o
LOAD ./system/src/newlib/_sbrk.o
LOAD ./system/src/newlib/_startup.o
LOAD ./system/src/newlib/_syscalls.o
LOAD ./system/src/newlib/assert.o
LOAD ./system/src/diag/Trace.o
LOAD ./system/src/diag/trace_impl.o
LOAD ./system/src/cortexm/_initialize_hardware.o
LOAD ./system/src/cortexm/_reset_hardware.o
LOAD ./system/src/cortexm/exception_handlers.o
LOAD ./system/src/cmsis/system_stm32f0xx.o
LOAD ./system/src/cmsis/vectors_stm32f0xx.o
LOAD ./src/BlinkLed.o
LOAD ./src/Timer.o
LOAD ./src/_write.o
LOAD ./src/lcd_stm32f0.o
LOAD ./src/main.o
LOAD /usr/local/Cellar/arm-gcc-bin/7-2018-q2-update/bin/../lib/gcc/arm-none-eabi/7.3.1/../../../../arm-none-eabi/lib/thumb/v6-m/libstdc++_nano.a
LOAD /usr/local/Cellar/arm-gcc-bin/7-2018-q2-update/bin/../lib/gcc/arm-none-eabi/7.3.1/../../../../arm-none-eabi/lib/thumb/v6-m/libm.a
START GROUP
LOAD /usr/local/Cellar/arm-gcc-bin/7-2018-q2-update/bin/../lib/gcc/arm-none-eabi/7.3.1/thumb/v6-m/libgcc.a
LOAD /usr/local/Cellar/arm-gcc-bin/7-2018-q2-update/bin/../lib/gcc/arm-none-eabi/7.3.1/../../../../arm-none-eabi/lib/thumb/v6-m/libg_nano.a
LOAD /usr/local/Cellar/arm-gcc-bin/7-2018-q2-update/bin/../lib/gcc/arm-none-eabi/7.3.1/../../../../arm-none-eabi/lib/thumb/v6-m/libc_nano.a
END GROUP
START GROUP
LOAD /usr/local/Cellar/arm-gcc-bin/7-2018-q2-update/bin/../lib/gcc/arm-none-eabi/7.3.1/thumb/v6-m/libgcc.a
LOAD /usr/local/Cellar/arm-gcc-bin/7-2018-q2-update/bin/../lib/gcc/arm-none-eabi/7.3.1/../../../../arm-none-eabi/lib/thumb/v6-m/libc_nano.a
END GROUP
                0x0000000020002000                __stack = (ORIGIN (RAM) + LENGTH (RAM))
                0x0000000020002000                _estack = __stack
                0x0000000000000400                __Main_Stack_Size = 0x400
                [!provide]                        PROVIDE (_Main_Stack_Size = __Main_Stack_Size)
                0x0000000020001c00                __Main_Stack_Limit = (__stack - __Main_Stack_Size)
                [!provide]                        PROVIDE (_Main_Stack_Limit = __Main_Stack_Limit)
                0x0000000000000100                _Minimum_Stack_Size = 0x100
                0x000000002000012c                PROVIDE (_Heap_Begin = _end_noinit)
                0x0000000020001c00                PROVIDE (_Heap_Limit = (__stack - __Main_Stack_Size))

.isr_vector     0x0000000008000000      0x230
 FILL mask 0xff
                0x0000000008000000                __vectors_start = ABSOLUTE (.)
                0x0000000008000000                __vectors_start__ = ABSOLUTE (.)
 *(.isr_vector)
 .isr_vector    0x0000000008000000       0xc4 ./system/src/cmsis/vectors_stm32f0xx.o
                0x0000000008000000                g_pfnVectors
 *(.cfmconfig)
 *(.after_vectors .after_vectors.*)
 .after_vectors
                0x00000000080000c4      0x118 ./system/src/newlib/_startup.o
                0x00000000080000c4                _start
 .after_vectors
                0x00000000080001dc       0x50 ./system/src/cortexm/exception_handlers.o
                0x00000000080001dc                Reset_Handler
                0x00000000080001e2                NMI_Handler
                0x00000000080001e6                HardFault_Handler
                0x00000000080001fe                HardFault_Handler_C
                0x000000000800021c                SVC_Handler
                0x0000000008000220                PendSV_Handler
 .after_vectors
                0x000000000800022c        0x4 ./system/src/cmsis/vectors_stm32f0xx.o
                0x000000000800022c                TIM1_BRK_UP_TRG_COM_IRQHandler
                0x000000000800022c                TSC_IRQHandler
                0x000000000800022c                ADC1_COMP_IRQHandler
                0x000000000800022c                TIM6_IRQHandler
                0x000000000800022c                PVD_IRQHandler
                0x000000000800022c                I2C1_IRQHandler
                0x000000000800022c                RCC_CRS_IRQHandler
                0x000000000800022c                SPI1_IRQHandler
                0x000000000800022c                TIM6_DAC_IRQHandler
                0x000000000800022c                USART3_4_IRQHandler
                0x000000000800022c                EXTI2_3_IRQHandler
                0x000000000800022c                ADC1_IRQHandler
                0x000000000800022c                I2C2_IRQHandler
                0x000000000800022c                USART3_6_IRQHandler
                0x000000000800022c                TIM17_IRQHandler
                0x000000000800022c                CEC_CAN_IRQHandler
                0x000000000800022c                RTC_IRQHandler
                0x000000000800022c                PVD_VDDIO2_IRQHandler
                0x000000000800022c                DMA1_Channel4_5_6_7_IRQHandler
                0x000000000800022c                TIM16_IRQHandler
                0x000000000800022c                TIM3_IRQHandler
                0x000000000800022c                RCC_IRQHandler
                0x000000000800022c                EXTI4_15_IRQHandler
                0x000000000800022c                USART3_8_IRQHandler
                0x000000000800022c                DMA1_Channel1_IRQHandler
                0x000000000800022c                Default_Handler
                0x000000000800022c                CEC_IRQHandler
                0x000000000800022c                TIM14_IRQHandler
                0x000000000800022c                DMA1_Channel4_5_IRQHandler
                0x000000000800022c                TIM7_IRQHandler
                0x000000000800022c                TIM15_IRQHandler
                0x000000000800022c                EXTI0_1_IRQHandler
                0x000000000800022c                USB_IRQHandler
                0x000000000800022c                SPI2_IRQHandler
                0x000000000800022c                DMA1_Ch2_3_DMA2_Ch1_2_IRQHandler
                0x000000000800022c                DMA1_Ch4_7_DMA2_Ch3_5_IRQHandler
                0x000000000800022c                TS_IRQHandler
                0x000000000800022c                WWDG_IRQHandler
                0x000000000800022c                TIM2_IRQHandler
                0x000000000800022c                DMA1_Channel2_3_IRQHandler
                0x000000000800022c                USART2_IRQHandler
                0x000000000800022c                VDDIO2_IRQHandler
                0x000000000800022c                FLASH_IRQHandler
                0x000000000800022c                USART1_IRQHandler
                0x000000000800022c                TIM1_CC_IRQHandler

.inits          0x0000000008000230       0x28
                0x0000000008000230                __data_regions_array_start = .
                0x0000000008000230        0x4 LONG 0x80014b8 LOADADDR (.data)
                0x0000000008000234        0x4 LONG 0x20000000 ADDR (.data)
                0x0000000008000238        0x4 LONG 0x20000088 (ADDR (.data) + SIZEOF (.data))
                0x000000000800023c        0x4 LONG 0x80014b8 LOADADDR (.data_CCMRAM)
                0x0000000008000240        0x4 LONG 0x0 ADDR (.data_CCMRAM)
                0x0000000008000244        0x4 LONG 0x0 (ADDR (.data_CCMRAM) + SIZEOF (.data_CCMRAM))
                0x0000000008000248                __data_regions_array_end = .
                0x0000000008000248                __bss_regions_array_start = .
                0x0000000008000248        0x4 LONG 0x20000088 ADDR (.bss)
                0x000000000800024c        0x4 LONG 0x2000012c (ADDR (.bss) + SIZEOF (.bss))
                0x0000000008000250        0x4 LONG 0x0 ADDR (.bss_CCMRAM)
                0x0000000008000254        0x4 LONG 0x0 (ADDR (.bss_CCMRAM) + SIZEOF (.bss_CCMRAM))
                0x0000000008000258                __bss_regions_array_end = .
 *(.init)
 *(.fini)
                0x0000000008000258                . = ALIGN (0x4)
                0x0000000008000258                PROVIDE (__preinit_array_start = .)
 *(.preinit_array_sysinit .preinit_array_sysinit.*)
 *(.preinit_array_platform .preinit_array_platform.*)
 *(.preinit_array .preinit_array.*)
                0x0000000008000258                PROVIDE (__preinit_array_end = .)
                0x0000000008000258                . = ALIGN (0x4)
                0x0000000008000258                PROVIDE (__init_array_start = .)
 *(SORT_BY_NAME(.init_array.*))
 *(.init_array)
                0x0000000008000258                PROVIDE (__init_array_end = .)
                0x0000000008000258                . = ALIGN (0x4)
                0x0000000008000258                PROVIDE (__fini_array_start = .)
 *(SORT_BY_NAME(.fini_array.*))
 *(.fini_array)
                0x0000000008000258                PROVIDE (__fini_array_end = .)

.flashtext
 *(.flashtext .flashtext.*)

.text           0x0000000008000258     0x125f
 *(.text .text.*)
 .text._exit    0x0000000008000258        0x2 ./system/src/newlib/_exit.o
                0x0000000008000258                _exit
 *fill*         0x000000000800025a        0x2 
 .text._sbrk    0x000000000800025c       0x48 ./system/src/newlib/_sbrk.o
                0x000000000800025c                _sbrk
 .text.__initialize_args
                0x00000000080002a4       0x10 ./system/src/newlib/_syscalls.o
                0x00000000080002a4                __initialize_args
 .text.trace_printf
                0x00000000080002b4       0x2c ./system/src/diag/Trace.o
                0x00000000080002b4                trace_printf
 .text._trace_write_semihosting_debug
                0x00000000080002e0       0x60 ./system/src/diag/trace_impl.o
 .text.trace_write
                0x0000000008000340        0x8 ./system/src/diag/trace_impl.o
                0x0000000008000340                trace_write
 .text.__initialize_hardware_early
                0x0000000008000348        0x8 ./system/src/cortexm/_initialize_hardware.o
                0x0000000008000348                __initialize_hardware_early
 .text.__initialize_hardware
                0x0000000008000350        0x8 ./system/src/cortexm/_initialize_hardware.o
                0x0000000008000350                __initialize_hardware
 .text.dumpExceptionStack
                0x0000000008000358       0x88 ./system/src/cortexm/exception_handlers.o
                0x0000000008000358                dumpExceptionStack
 .text.SetSysClock
                0x00000000080003e0       0xb4 ./system/src/cmsis/system_stm32f0xx.o
 .text.SystemInit
                0x0000000008000494       0x64 ./system/src/cmsis/system_stm32f0xx.o
                0x0000000008000494                SystemInit
 .text.SystemCoreClockUpdate
                0x00000000080004f8       0x98 ./system/src/cmsis/system_stm32f0xx.o
                0x00000000080004f8                SystemCoreClockUpdate
 .text.timer_tick
                0x0000000008000590       0x18 ./src/Timer.o
                0x0000000008000590                timer_tick
 .text.SysTick_Handler
                0x00000000080005a8        0x8 ./src/Timer.o
                0x00000000080005a8                SysTick_Handler
 .text.delay    0x00000000080005b0       0x20 ./src/lcd_stm32f0.o
                0x00000000080005b0                delay
 .text.pulse_strobe
                0x00000000080005d0       0x38 ./src/lcd_stm32f0.o
                0x00000000080005d0                pulse_strobe
 .text.lcd_putchar
                0x0000000008000608      0x124 ./src/lcd_stm32f0.o
                0x0000000008000608                lcd_putchar
 .text.lcd_putstring
                0x000000000800072c       0x1a ./src/lcd_stm32f0.o
                0x000000000800072c                lcd_putstring
 *fill*         0x0000000008000746        0x2 
 .text.lcd_command
                0x0000000008000748      0x130 ./src/lcd_stm32f0.o
                0x0000000008000748                lcd_command
 .text.init_LCD
                0x0000000008000878       0x80 ./src/lcd_stm32f0.o
                0x0000000008000878                init_LCD
 .text.init_PWM
                0x00000000080008f8       0x64 ./src/main.o
                0x00000000080008f8                init_PWM
 .text.init_sensors
                0x000000000800095c       0x60 ./src/main.o
                0x000000000800095c                init_sensors
 .text.detection
                0x00000000080009bc       0x20 ./src/main.o
                0x00000000080009bc                detection
 .text.main     0x00000000080009dc       0x68 ./src/main.o
                0x00000000080009dc                main
 .text          0x0000000008000a44      0x114 /usr/local/Cellar/arm-gcc-bin/7-2018-q2-update/bin/../lib/gcc/arm-none-eabi/7.3.1/thumb/v6-m/libgcc.a(_udivsi3.o)
                0x0000000008000a44                __udivsi3
                0x0000000008000a44                __aeabi_uidiv
                0x0000000008000b50                __aeabi_uidivmod
 .text          0x0000000008000b58        0x4 /usr/local/Cellar/arm-gcc-bin/7-2018-q2-update/bin/../lib/gcc/arm-none-eabi/7.3.1/thumb/v6-m/libgcc.a(_dvmd_tls.o)
                0x0000000008000b58                __aeabi_ldiv0
                0x0000000008000b58                __aeabi_idiv0
 .text.__errno  0x0000000008000b5c        0xc /usr/local/Cellar/arm-gcc-bin/7-2018-q2-update/bin/../lib/gcc/arm-none-eabi/7.3.1/../../../../arm-none-eabi/lib/thumb/v6-m/libg_nano.a(lib_a-errno.o)
                0x0000000008000b5c                __errno
 .text._vsnprintf_r
                0x0000000008000b68       0x56 /usr/local/Cellar/arm-gcc-bin/7-2018-q2-update/bin/../lib/gcc/arm-none-eabi/7.3.1/../../../../arm-none-eabi/lib/thumb/v6-m/libg_nano.a(lib_a-vsnprintf.o)
                0x0000000008000b68                _vsnprintf_r
                0x0000000008000b68                _vsniprintf_r
 *fill*         0x0000000008000bbe        0x2 
 .text.vsnprintf
                0x0000000008000bc0       0x18 /usr/local/Cellar/arm-gcc-bin/7-2018-q2-update/bin/../lib/gcc/arm-none-eabi/7.3.1/../../../../arm-none-eabi/lib/thumb/v6-m/libg_nano.a(lib_a-vsnprintf.o)
                0x0000000008000bc0                vsnprintf
                0x0000000008000bc0                vsniprintf
 .text.__ssputs_r
                0x0000000008000bd8       0xc4 /usr/local/Cellar/arm-gcc-bin/7-2018-q2-update/bin/../lib/gcc/arm-none-eabi/7.3.1/../../../../arm-none-eabi/lib/thumb/v6-m/libg_nano.a(lib_a-nano-svfprintf.o)
                0x0000000008000bd8                __ssputs_r
 .text._svfprintf_r
                0x0000000008000c9c      0x1fc /usr/local/Cellar/arm-gcc-bin/7-2018-q2-update/bin/../lib/gcc/arm-none-eabi/7.3.1/../../../../arm-none-eabi/lib/thumb/v6-m/libg_nano.a(lib_a-nano-svfprintf.o)
                0x0000000008000c9c                _svfprintf_r
                0x0000000008000c9c                _svfiprintf_r
 .text._printf_common
                0x0000000008000e98       0xda /usr/local/Cellar/arm-gcc-bin/7-2018-q2-update/bin/../lib/gcc/arm-none-eabi/7.3.1/../../../../arm-none-eabi/lib/thumb/v6-m/libg_nano.a(lib_a-nano-vfprintf_i.o)
                0x0000000008000e98                _printf_common
 *fill*         0x0000000008000f72        0x2 
 .text._printf_i
                0x0000000008000f74      0x210 /usr/local/Cellar/arm-gcc-bin/7-2018-q2-update/bin/../lib/gcc/arm-none-eabi/7.3.1/../../../../arm-none-eabi/lib/thumb/v6-m/libg_nano.a(lib_a-nano-vfprintf_i.o)
                0x0000000008000f74                _printf_i
 .text.memchr   0x0000000008001184       0x16 /usr/local/Cellar/arm-gcc-bin/7-2018-q2-update/bin/../lib/gcc/arm-none-eabi/7.3.1/../../../../arm-none-eabi/lib/thumb/v6-m/libg_nano.a(lib_a-memchr-stub.o)
                0x0000000008001184                memchr
 .text.memcpy   0x000000000800119a       0x12 /usr/local/Cellar/arm-gcc-bin/7-2018-q2-update/bin/../lib/gcc/arm-none-eabi/7.3.1/../../../../arm-none-eabi/lib/thumb/v6-m/libg_nano.a(lib_a-memcpy-stub.o)
                0x000000000800119a                memcpy
 .text.memmove  0x00000000080011ac       0x26 /usr/local/Cellar/arm-gcc-bin/7-2018-q2-update/bin/../lib/gcc/arm-none-eabi/7.3.1/../../../../arm-none-eabi/lib/thumb/v6-m/libg_nano.a(lib_a-memmove.o)
                0x00000000080011ac                memmove
 *fill*         0x00000000080011d2        0x2 
 .text._free_r  0x00000000080011d4       0x94 /usr/local/Cellar/arm-gcc-bin/7-2018-q2-update/bin/../lib/gcc/arm-none-eabi/7.3.1/../../../../arm-none-eabi/lib/thumb/v6-m/libg_nano.a(lib_a-nano-freer.o)
                0x00000000080011d4                _free_r
 .text._malloc_r
                0x0000000008001268       0xbc /usr/local/Cellar/arm-gcc-bin/7-2018-q2-update/bin/../lib/gcc/arm-none-eabi/7.3.1/../../../../arm-none-eabi/lib/thumb/v6-m/libg_nano.a(lib_a-nano-mallocr.o)
                0x0000000008001268                _malloc_r
 .text._realloc_r
                0x0000000008001324       0x4c /usr/local/Cellar/arm-gcc-bin/7-2018-q2-update/bin/../lib/gcc/arm-none-eabi/7.3.1/../../../../arm-none-eabi/lib/thumb/v6-m/libg_nano.a(lib_a-nano-reallocr.o)
                0x0000000008001324                _realloc_r
 .text._sbrk_r  0x0000000008001370       0x24 /usr/local/Cellar/arm-gcc-bin/7-2018-q2-update/bin/../lib/gcc/arm-none-eabi/7.3.1/../../../../arm-none-eabi/lib/thumb/v6-m/libg_nano.a(lib_a-sbrkr.o)
                0x0000000008001370                _sbrk_r
 .text.__malloc_lock
                0x0000000008001394        0x2 /usr/local/Cellar/arm-gcc-bin/7-2018-q2-update/bin/../lib/gcc/arm-none-eabi/7.3.1/../../../../arm-none-eabi/lib/thumb/v6-m/libg_nano.a(lib_a-mlock.o)
                0x0000000008001394                __malloc_lock
 .text.__malloc_unlock
                0x0000000008001396        0x2 /usr/local/Cellar/arm-gcc-bin/7-2018-q2-update/bin/../lib/gcc/arm-none-eabi/7.3.1/../../../../arm-none-eabi/lib/thumb/v6-m/libg_nano.a(lib_a-mlock.o)
                0x0000000008001396                __malloc_unlock
 .text._malloc_usable_size_r
                0x0000000008001398       0x10 /usr/local/Cellar/arm-gcc-bin/7-2018-q2-update/bin/../lib/gcc/arm-none-eabi/7.3.1/../../../../arm-none-eabi/lib/thumb/v6-m/libg_nano.a(lib_a-nano-msizer.o)
                0x0000000008001398                _malloc_usable_size_r
 *(.rodata .rodata.* .constdata .constdata.*)
 .rodata.dumpExceptionStack.str1.4
                0x00000000080013a8       0xae ./system/src/cortexm/exception_handlers.o
 *fill*         0x0000000008001456        0x2 
 .rodata.str1.4
                0x0000000008001458        0xd ./system/src/cortexm/exception_handlers.o
 *fill*         0x0000000008001465        0x3 
 .rodata.main.str1.4
                0x0000000008001468       0x1c ./src/main.o
                                         0x19 (size before relaxing)
 .rodata._svfprintf_r.str1.1
                0x0000000008001484       0x11 /usr/local/Cellar/arm-gcc-bin/7-2018-q2-update/bin/../lib/gcc/arm-none-eabi/7.3.1/../../../../arm-none-eabi/lib/thumb/v6-m/libg_nano.a(lib_a-nano-svfprintf.o)
 .rodata._printf_i.str1.1
                0x0000000008001495       0x22 /usr/local/Cellar/arm-gcc-bin/7-2018-q2-update/bin/../lib/gcc/arm-none-eabi/7.3.1/../../../../arm-none-eabi/lib/thumb/v6-m/libg_nano.a(lib_a-nano-vfprintf_i.o)
 *(vtable)
 *(.eh_frame*)
 *(.glue_7)
 .glue_7        0x00000000080014b7        0x0 linker stubs
 *(.glue_7t)
 .glue_7t       0x00000000080014b7        0x0 linker stubs

.vfp11_veneer   0x00000000080014b8        0x0
 .vfp11_veneer  0x00000000080014b8        0x0 linker stubs

.v4_bx          0x00000000080014b8        0x0
 .v4_bx         0x00000000080014b8        0x0 linker stubs

.iplt           0x00000000080014b8        0x0
 .iplt          0x00000000080014b8        0x0 ./system/src/newlib/_exit.o

.rel.dyn        0x00000000080014b8        0x0
 .rel.iplt      0x00000000080014b8        0x0 ./system/src/newlib/_exit.o

.ARM.extab
 *(.ARM.extab* .gnu.linkonce.armextab.*)
                0x00000000080014b8                . = ALIGN (0x4)
                0x00000000080014b8                __exidx_start = .

.ARM.exidx
 *(.ARM.exidx* .gnu.linkonce.armexidx.*)
                0x00000000080014b8                __exidx_end = .
                0x00000000080014b8                . = ALIGN (0x4)
                0x00000000080014b8                _etext = .
                0x00000000080014b8                __etext = .

.data_CCMRAM    0x0000000000000000        0x0 load address 0x00000000080014b8
 FILL mask 0xff
 *(.data.CCMRAM .data.CCMRAM.*)
                0x0000000000000000                . = ALIGN (0x4)
                0x00000000080014b8                _sidata = LOADADDR (.data)

.data           0x0000000020000000       0x88 load address 0x00000000080014b8
 FILL mask 0xff
                0x0000000020000000                _sdata = .
                0x0000000020000000                __data_start__ = .
 *(.data_begin .data_begin.*)
 .data_begin    0x0000000020000000        0x4 ./system/src/newlib/_startup.o
 *(.data .data.*)
 .data.argv.4310
                0x0000000020000004        0x8 ./system/src/newlib/_syscalls.o
 .data.AHBPrescTable
                0x000000002000000c       0x10 ./system/src/cmsis/system_stm32f0xx.o
                0x000000002000000c                AHBPrescTable
 .data.SystemCoreClock
                0x000000002000001c        0x4 ./system/src/cmsis/system_stm32f0xx.o
                0x000000002000001c                SystemCoreClock
 .data._impure_ptr
                0x0000000020000020        0x4 /usr/local/Cellar/arm-gcc-bin/7-2018-q2-update/bin/../lib/gcc/arm-none-eabi/7.3.1/../../../../arm-none-eabi/lib/thumb/v6-m/libg_nano.a(lib_a-impure.o)
                0x0000000020000020                _impure_ptr
 .data.impure_data
                0x0000000020000024       0x60 /usr/local/Cellar/arm-gcc-bin/7-2018-q2-update/bin/../lib/gcc/arm-none-eabi/7.3.1/../../../../arm-none-eabi/lib/thumb/v6-m/libg_nano.a(lib_a-impure.o)
 *(.data_end .data_end.*)
 .data_end      0x0000000020000084        0x4 ./system/src/newlib/_startup.o
                0x0000000020000088                . = ALIGN (0x4)
                0x0000000020000088                _edata = .
                0x0000000020000088                __data_end__ = .

.igot.plt       0x0000000020000088        0x0 load address 0x0000000008001540
 .igot.plt      0x0000000020000088        0x0 ./system/src/newlib/_exit.o

.bss_CCMRAM     0x0000000000000000        0x0
 *(.bss.CCMRAM .bss.CCMRAM.*)

.bss            0x0000000020000088       0xa4
                0x0000000020000088                __bss_start__ = .
                0x0000000020000088                _sbss = .
 *(.bss_begin .bss_begin.*)
 .bss_begin     0x0000000020000088        0x4 ./system/src/newlib/_startup.o
 *(.bss .bss.*)
 .bss.current_heap_end.3961
                0x000000002000008c        0x4 ./system/src/newlib/_sbrk.o
 .bss.name.4309
                0x0000000020000090        0x1 ./system/src/newlib/_syscalls.o
 *fill*         0x0000000020000091        0x3 
 .bss.buf.5205  0x0000000020000094       0x80 ./system/src/diag/Trace.o
 .bss.farLeft   0x0000000020000114        0x4 ./src/main.o
                0x0000000020000114                farLeft
 .bss.__malloc_free_list
                0x0000000020000118        0x4 /usr/local/Cellar/arm-gcc-bin/7-2018-q2-update/bin/../lib/gcc/arm-none-eabi/7.3.1/../../../../arm-none-eabi/lib/thumb/v6-m/libg_nano.a(lib_a-nano-mallocr.o)
                0x0000000020000118                __malloc_free_list
 .bss.__malloc_sbrk_start
                0x000000002000011c        0x4 /usr/local/Cellar/arm-gcc-bin/7-2018-q2-update/bin/../lib/gcc/arm-none-eabi/7.3.1/../../../../arm-none-eabi/lib/thumb/v6-m/libg_nano.a(lib_a-nano-mallocr.o)
                0x000000002000011c                __malloc_sbrk_start
 *(COMMON)
 COMMON         0x0000000020000120        0x4 ./system/src/newlib/_syscalls.o
                0x0000000020000120                errno
 COMMON         0x0000000020000124        0x4 ./src/Timer.o
                0x0000000020000124                timer_delayCount
 *(.bss_end .bss_end.*)
 .bss_end       0x0000000020000128        0x4 ./system/src/newlib/_startup.o
                0x000000002000012c                . = ALIGN (0x4)
                0x000000002000012c                __bss_end__ = .
                0x000000002000012c                _ebss = .

.noinit_CCMRAM
 *(.noinit.CCMRAM .noinit.CCMRAM.*)

.noinit         0x000000002000012c        0x0
                0x000000002000012c                _noinit = .
 *(.noinit .noinit.*)
                0x000000002000012c                . = ALIGN (0x4)
                0x000000002000012c                _end_noinit = .
                [!provide]                        PROVIDE (end = _end_noinit)
                [!provide]                        PROVIDE (_end = _end_noinit)
                [!provide]                        PROVIDE (__end = _end_noinit)
                [!provide]                        PROVIDE (__end__ = _end_noinit)

._check_stack   0x000000002000012c      0x100
                0x000000002000022c                . = (. + _Minimum_Stack_Size)
 *fill*         0x000000002000012c      0x100 

.b1text
 *(.b1text)
 *(.b1rodata)
 *(.b1rodata.*)

.eb0text
 *(.eb0text)
 *(.eb0rodata)
 *(.eb0rodata.*)

.eb1text
 *(.eb1text)
 *(.eb1rodata)
 *(.eb1rodata.*)

.eb2text
 *(.eb2text)
 *(.eb2rodata)
 *(.eb2rodata.*)

.eb3text
 *(.eb3text)
 *(.eb3rodata)
 *(.eb3rodata.*)

.stab
 *(.stab)

.stabstr
 *(.stabstr)

.stab.excl
 *(.stab.excl)

.stab.exclstr
 *(.stab.exclstr)

.stab.index
 *(.stab.index)

.stab.indexstr
 *(.stab.indexstr)

.comment        0x0000000000000000       0x7f
 *(.comment)
 .comment       0x0000000000000000       0x7f ./system/src/newlib/_exit.o
                                         0x80 (size before relaxing)
 .comment       0x000000000000007f       0x80 ./system/src/newlib/_sbrk.o
 .comment       0x000000000000007f       0x80 ./system/src/newlib/_startup.o
 .comment       0x000000000000007f       0x80 ./system/src/newlib/_syscalls.o
 .comment       0x000000000000007f       0x80 ./system/src/diag/Trace.o
 .comment       0x000000000000007f       0x80 ./system/src/diag/trace_impl.o
 .comment       0x000000000000007f       0x80 ./system/src/cortexm/_initialize_hardware.o
 .comment       0x000000000000007f       0x80 ./system/src/cortexm/exception_handlers.o
 .comment       0x000000000000007f       0x80 ./system/src/cmsis/system_stm32f0xx.o
 .comment       0x000000000000007f       0x80 ./system/src/cmsis/vectors_stm32f0xx.o
 .comment       0x000000000000007f       0x80 ./src/Timer.o
 .comment       0x000000000000007f       0x80 ./src/lcd_stm32f0.o
 .comment       0x000000000000007f       0x80 ./src/main.o

.ARM.attributes
                0x0000000000000000       0x2f
 .ARM.attributes
                0x0000000000000000       0x31 ./system/src/newlib/_exit.o
 .ARM.attributes
                0x0000000000000031       0x31 ./system/src/newlib/_sbrk.o
 .ARM.attributes
                0x0000000000000062       0x31 ./system/src/newlib/_startup.o
 .ARM.attributes
                0x0000000000000093       0x31 ./system/src/newlib/_syscalls.o
 .ARM.attributes
                0x00000000000000c4       0x31 ./system/src/diag/Trace.o
 .ARM.attributes
                0x00000000000000f5       0x31 ./system/src/diag/trace_impl.o
 .ARM.attributes
                0x0000000000000126       0x31 ./system/src/cortexm/_initialize_hardware.o
 .ARM.attributes
                0x0000000000000157       0x31 ./system/src/cortexm/exception_handlers.o
 .ARM.attributes
                0x0000000000000188       0x31 ./system/src/cmsis/system_stm32f0xx.o
 .ARM.attributes
                0x00000000000001b9       0x31 ./system/src/cmsis/vectors_stm32f0xx.o
 .ARM.attributes
                0x00000000000001ea       0x31 ./src/Timer.o
 .ARM.attributes
                0x000000000000021b       0x31 ./src/lcd_stm32f0.o
 .ARM.attributes
                0x000000000000024c       0x31 ./src/main.o
 .ARM.attributes
                0x000000000000027d       0x1e /usr/local/Cellar/arm-gcc-bin/7-2018-q2-update/bin/../lib/gcc/arm-none-eabi/7.3.1/thumb/v6-m/libgcc.a(_udivsi3.o)
 .ARM.attributes
                0x000000000000029b       0x1e /usr/local/Cellar/arm-gcc-bin/7-2018-q2-update/bin/../lib/gcc/arm-none-eabi/7.3.1/thumb/v6-m/libgcc.a(_dvmd_tls.o)
 .ARM.attributes
                0x00000000000002b9       0x2c /usr/local/Cellar/arm-gcc-bin/7-2018-q2-update/bin/../lib/gcc/arm-none-eabi/7.3.1/../../../../arm-none-eabi/lib/thumb/v6-m/libg_nano.a(lib_a-errno.o)
 .ARM.attributes
                0x00000000000002e5       0x2c /usr/local/Cellar/arm-gcc-bin/7-2018-q2-update/bin/../lib/gcc/arm-none-eabi/7.3.1/../../../../arm-none-eabi/lib/thumb/v6-m/libg_nano.a(lib_a-impure.o)
 .ARM.attributes
                0x0000000000000311       0x2c /usr/local/Cellar/arm-gcc-bin/7-2018-q2-update/bin/../lib/gcc/arm-none-eabi/7.3.1/../../../../arm-none-eabi/lib/thumb/v6-m/libg_nano.a(lib_a-vsnprintf.o)
 .ARM.attributes
                0x000000000000033d       0x2c /usr/local/Cellar/arm-gcc-bin/7-2018-q2-update/bin/../lib/gcc/arm-none-eabi/7.3.1/../../../../arm-none-eabi/lib/thumb/v6-m/libg_nano.a(lib_a-nano-svfprintf.o)
 .ARM.attributes
                0x0000000000000369       0x2c /usr/local/Cellar/arm-gcc-bin/7-2018-q2-update/bin/../lib/gcc/arm-none-eabi/7.3.1/../../../../arm-none-eabi/lib/thumb/v6-m/libg_nano.a(lib_a-nano-vfprintf_i.o)
 .ARM.attributes
                0x0000000000000395       0x2c /usr/local/Cellar/arm-gcc-bin/7-2018-q2-update/bin/../lib/gcc/arm-none-eabi/7.3.1/../../../../arm-none-eabi/lib/thumb/v6-m/libg_nano.a(lib_a-memchr-stub.o)
 .ARM.attributes
                0x00000000000003c1       0x2c /usr/local/Cellar/arm-gcc-bin/7-2018-q2-update/bin/../lib/gcc/arm-none-eabi/7.3.1/../../../../arm-none-eabi/lib/thumb/v6-m/libg_nano.a(lib_a-memcpy-stub.o)
 .ARM.attributes
                0x00000000000003ed       0x2c /usr/local/Cellar/arm-gcc-bin/7-2018-q2-update/bin/../lib/gcc/arm-none-eabi/7.3.1/../../../../arm-none-eabi/lib/thumb/v6-m/libg_nano.a(lib_a-memmove.o)
 .ARM.attributes
                0x0000000000000419       0x2c /usr/local/Cellar/arm-gcc-bin/7-2018-q2-update/bin/../lib/gcc/arm-none-eabi/7.3.1/../../../../arm-none-eabi/lib/thumb/v6-m/libg_nano.a(lib_a-nano-freer.o)
 .ARM.attributes
                0x0000000000000445       0x2c /usr/local/Cellar/arm-gcc-bin/7-2018-q2-update/bin/../lib/gcc/arm-none-eabi/7.3.1/../../../../arm-none-eabi/lib/thumb/v6-m/libg_nano.a(lib_a-nano-mallocr.o)
 .ARM.attributes
                0x0000000000000471       0x2c /usr/local/Cellar/arm-gcc-bin/7-2018-q2-update/bin/../lib/gcc/arm-none-eabi/7.3.1/../../../../arm-none-eabi/lib/thumb/v6-m/libg_nano.a(lib_a-nano-reallocr.o)
 .ARM.attributes
                0x000000000000049d       0x2c /usr/local/Cellar/arm-gcc-bin/7-2018-q2-update/bin/../lib/gcc/arm-none-eabi/7.3.1/../../../../arm-none-eabi/lib/thumb/v6-m/libg_nano.a(lib_a-sbrkr.o)
 .ARM.attributes
                0x00000000000004c9       0x2c /usr/local/Cellar/arm-gcc-bin/7-2018-q2-update/bin/../lib/gcc/arm-none-eabi/7.3.1/../../../../arm-none-eabi/lib/thumb/v6-m/libg_nano.a(lib_a-mlock.o)
 .ARM.attributes
                0x00000000000004f5       0x2c /usr/local/Cellar/arm-gcc-bin/7-2018-q2-update/bin/../lib/gcc/arm-none-eabi/7.3.1/../../../../arm-none-eabi/lib/thumb/v6-m/libg_nano.a(lib_a-nano-msizer.o)

.debug
 *(.debug)

.line
 *(.line)

.debug_srcinfo
 *(.debug_srcinfo)

.debug_sfnames
 *(.debug_sfnames)

.debug_aranges  0x0000000000000000      0x2b0
 *(.debug_aranges)
 .debug_aranges
                0x0000000000000000       0x28 ./system/src/newlib/_exit.o
 .debug_aranges
                0x0000000000000028       0x20 ./system/src/newlib/_sbrk.o
 .debug_aranges
                0x0000000000000048       0x40 ./system/src/newlib/_startup.o
 .debug_aranges
                0x0000000000000088       0x30 ./system/src/newlib/_syscalls.o
 .debug_aranges
                0x00000000000000b8       0x38 ./system/src/diag/Trace.o
 .debug_aranges
                0x00000000000000f0       0x30 ./system/src/diag/trace_impl.o
 .debug_aranges
                0x0000000000000120       0x28 ./system/src/cortexm/_initialize_hardware.o
 .debug_aranges
                0x0000000000000148       0x58 ./system/src/cortexm/exception_handlers.o
 .debug_aranges
                0x00000000000001a0       0x30 ./system/src/cmsis/system_stm32f0xx.o
 .debug_aranges
                0x00000000000001d0       0x20 ./system/src/cmsis/vectors_stm32f0xx.o
 .debug_aranges
                0x00000000000001f0       0x38 ./src/Timer.o
 .debug_aranges
                0x0000000000000228       0x48 ./src/lcd_stm32f0.o
 .debug_aranges
                0x0000000000000270       0x40 ./src/main.o

.debug_pubnames
 *(.debug_pubnames)

.debug_info     0x0000000000000000     0x4d43
 *(.debug_info .gnu.linkonce.wi.*)
 .debug_info    0x0000000000000000      0x956 ./system/src/newlib/_exit.o
 .debug_info    0x0000000000000956      0x942 ./system/src/newlib/_sbrk.o
 .debug_info    0x0000000000001298      0x42e ./system/src/newlib/_startup.o
 .debug_info    0x00000000000016c6      0xa19 ./system/src/newlib/_syscalls.o
 .debug_info    0x00000000000020df      0xb2a ./system/src/diag/Trace.o
 .debug_info    0x0000000000002c09      0x347 ./system/src/diag/trace_impl.o
 .debug_info    0x0000000000002f50       0xe5 ./system/src/cortexm/_initialize_hardware.o
 .debug_info    0x0000000000003035      0xb8e ./system/src/cortexm/exception_handlers.o
 .debug_info    0x0000000000003bc3      0x2f3 ./system/src/cmsis/system_stm32f0xx.o
 .debug_info    0x0000000000003eb6       0xca ./system/src/cmsis/vectors_stm32f0xx.o
 .debug_info    0x0000000000003f80      0x464 ./src/Timer.o
 .debug_info    0x00000000000043e4      0x41f ./src/lcd_stm32f0.o
 .debug_info    0x0000000000004803      0x540 ./src/main.o

.debug_abbrev   0x0000000000000000     0x1564
 *(.debug_abbrev)
 .debug_abbrev  0x0000000000000000      0x1f3 ./system/src/newlib/_exit.o
 .debug_abbrev  0x00000000000001f3      0x1fc ./system/src/newlib/_sbrk.o
 .debug_abbrev  0x00000000000003ef      0x1b3 ./system/src/newlib/_startup.o
 .debug_abbrev  0x00000000000005a2      0x234 ./system/src/newlib/_syscalls.o
 .debug_abbrev  0x00000000000007d6      0x276 ./system/src/diag/Trace.o
 .debug_abbrev  0x0000000000000a4c      0x1ca ./system/src/diag/trace_impl.o
 .debug_abbrev  0x0000000000000c16       0x81 ./system/src/cortexm/_initialize_hardware.o
 .debug_abbrev  0x0000000000000c97      0x28f ./system/src/cortexm/exception_handlers.o
 .debug_abbrev  0x0000000000000f26      0x166 ./system/src/cmsis/system_stm32f0xx.o
 .debug_abbrev  0x000000000000108c       0x9d ./system/src/cmsis/vectors_stm32f0xx.o
 .debug_abbrev  0x0000000000001129      0x1bc ./src/Timer.o
 .debug_abbrev  0x00000000000012e5      0x15c ./src/lcd_stm32f0.o
 .debug_abbrev  0x0000000000001441      0x123 ./src/main.o

.debug_line     0x0000000000000000     0x31fc
 *(.debug_line)
 .debug_line    0x0000000000000000      0x333 ./system/src/newlib/_exit.o
 .debug_line    0x0000000000000333      0x2e7 ./system/src/newlib/_sbrk.o
 .debug_line    0x000000000000061a      0x3a1 ./system/src/newlib/_startup.o
 .debug_line    0x00000000000009bb      0x3f8 ./system/src/newlib/_syscalls.o
 .debug_line    0x0000000000000db3      0x3af ./system/src/diag/Trace.o
 .debug_line    0x0000000000001162      0x628 ./system/src/diag/trace_impl.o
 .debug_line    0x000000000000178a      0x378 ./system/src/cortexm/_initialize_hardware.o
 .debug_line    0x0000000000001b02      0x681 ./system/src/cortexm/exception_handlers.o
 .debug_line    0x0000000000002183      0x3c2 ./system/src/cmsis/system_stm32f0xx.o
 .debug_line    0x0000000000002545       0xf9 ./system/src/cmsis/vectors_stm32f0xx.o
 .debug_line    0x000000000000263e      0x3d2 ./src/Timer.o
 .debug_line    0x0000000000002a10      0x424 ./src/lcd_stm32f0.o
 .debug_line    0x0000000000002e34      0x3c8 ./src/main.o

.debug_frame    0x0000000000000000      0x79c
 *(.debug_frame)
 .debug_frame   0x0000000000000000       0x38 ./system/src/newlib/_exit.o
 .debug_frame   0x0000000000000038       0x28 ./system/src/newlib/_sbrk.o
 .debug_frame   0x0000000000000060       0x80 ./system/src/newlib/_startup.o
 .debug_frame   0x00000000000000e0       0x50 ./system/src/newlib/_syscalls.o
 .debug_frame   0x0000000000000130       0x78 ./system/src/diag/Trace.o
 .debug_frame   0x00000000000001a8       0x60 ./system/src/diag/trace_impl.o
 .debug_frame   0x0000000000000208       0x40 ./system/src/cortexm/_initialize_hardware.o
 .debug_frame   0x0000000000000248       0xb0 ./system/src/cortexm/exception_handlers.o
 .debug_frame   0x00000000000002f8       0x54 ./system/src/cmsis/system_stm32f0xx.o
 .debug_frame   0x000000000000034c       0x20 ./system/src/cmsis/vectors_stm32f0xx.o
 .debug_frame   0x000000000000036c       0x60 ./src/Timer.o
 .debug_frame   0x00000000000003cc       0xa4 ./src/lcd_stm32f0.o
 .debug_frame   0x0000000000000470       0x68 ./src/main.o
 .debug_frame   0x00000000000004d8       0x20 /usr/local/Cellar/arm-gcc-bin/7-2018-q2-update/bin/../lib/gcc/arm-none-eabi/7.3.1/thumb/v6-m/libgcc.a(_udivsi3.o)
 .debug_frame   0x00000000000004f8       0x20 /usr/local/Cellar/arm-gcc-bin/7-2018-q2-update/bin/../lib/gcc/arm-none-eabi/7.3.1/../../../../arm-none-eabi/lib/thumb/v6-m/libg_nano.a(lib_a-errno.o)
 .debug_frame   0x0000000000000518       0x48 /usr/local/Cellar/arm-gcc-bin/7-2018-q2-update/bin/../lib/gcc/arm-none-eabi/7.3.1/../../../../arm-none-eabi/lib/thumb/v6-m/libg_nano.a(lib_a-vsnprintf.o)
 .debug_frame   0x0000000000000560       0x74 /usr/local/Cellar/arm-gcc-bin/7-2018-q2-update/bin/../lib/gcc/arm-none-eabi/7.3.1/../../../../arm-none-eabi/lib/thumb/v6-m/libg_nano.a(lib_a-nano-svfprintf.o)
 .debug_frame   0x00000000000005d4       0x54 /usr/local/Cellar/arm-gcc-bin/7-2018-q2-update/bin/../lib/gcc/arm-none-eabi/7.3.1/../../../../arm-none-eabi/lib/thumb/v6-m/libg_nano.a(lib_a-nano-vfprintf_i.o)
 .debug_frame   0x0000000000000628       0x20 /usr/local/Cellar/arm-gcc-bin/7-2018-q2-update/bin/../lib/gcc/arm-none-eabi/7.3.1/../../../../arm-none-eabi/lib/thumb/v6-m/libg_nano.a(lib_a-memchr-stub.o)
 .debug_frame   0x0000000000000648       0x28 /usr/local/Cellar/arm-gcc-bin/7-2018-q2-update/bin/../lib/gcc/arm-none-eabi/7.3.1/../../../../arm-none-eabi/lib/thumb/v6-m/libg_nano.a(lib_a-memcpy-stub.o)
 .debug_frame   0x0000000000000670       0x28 /usr/local/Cellar/arm-gcc-bin/7-2018-q2-update/bin/../lib/gcc/arm-none-eabi/7.3.1/../../../../arm-none-eabi/lib/thumb/v6-m/libg_nano.a(lib_a-memmove.o)
 .debug_frame   0x0000000000000698       0x2c /usr/local/Cellar/arm-gcc-bin/7-2018-q2-update/bin/../lib/gcc/arm-none-eabi/7.3.1/../../../../arm-none-eabi/lib/thumb/v6-m/libg_nano.a(lib_a-nano-freer.o)
 .debug_frame   0x00000000000006c4       0x2c /usr/local/Cellar/arm-gcc-bin/7-2018-q2-update/bin/../lib/gcc/arm-none-eabi/7.3.1/../../../../arm-none-eabi/lib/thumb/v6-m/libg_nano.a(lib_a-nano-mallocr.o)
 .debug_frame   0x00000000000006f0       0x30 /usr/local/Cellar/arm-gcc-bin/7-2018-q2-update/bin/../lib/gcc/arm-none-eabi/7.3.1/../../../../arm-none-eabi/lib/thumb/v6-m/libg_nano.a(lib_a-nano-reallocr.o)
 .debug_frame   0x0000000000000720       0x2c /usr/local/Cellar/arm-gcc-bin/7-2018-q2-update/bin/../lib/gcc/arm-none-eabi/7.3.1/../../../../arm-none-eabi/lib/thumb/v6-m/libg_nano.a(lib_a-sbrkr.o)
 .debug_frame   0x000000000000074c       0x30 /usr/local/Cellar/arm-gcc-bin/7-2018-q2-update/bin/../lib/gcc/arm-none-eabi/7.3.1/../../../../arm-none-eabi/lib/thumb/v6-m/libg_nano.a(lib_a-mlock.o)
 .debug_frame   0x000000000000077c       0x20 /usr/local/Cellar/arm-gcc-bin/7-2018-q2-update/bin/../lib/gcc/arm-none-eabi/7.3.1/../../../../arm-none-eabi/lib/thumb/v6-m/libg_nano.a(lib_a-nano-msizer.o)

.debug_str      0x0000000000000000    0x51b91
 *(.debug_str)
 .debug_str     0x0000000000000000     0x7b7a ./system/src/newlib/_exit.o
                                       0x7d41 (size before relaxing)
 .debug_str     0x0000000000007b7a      0x4f5 ./system/src/newlib/_sbrk.o
                                       0x70f3 (size before relaxing)
 .debug_str     0x000000000000806f      0xbbd ./system/src/newlib/_startup.o
                                       0x682e (size before relaxing)
 .debug_str     0x0000000000008c2c      0xe8b ./system/src/newlib/_syscalls.o
                                       0x7fce (size before relaxing)
 .debug_str     0x0000000000009ab7      0x826 ./system/src/diag/Trace.o
                                       0x84b9 (size before relaxing)
 .debug_str     0x000000000000a2dd    0x46ee1 ./system/src/diag/trace_impl.o
                                      0x4e4bf (size before relaxing)
 .debug_str     0x00000000000511be       0x5e ./system/src/cortexm/_initialize_hardware.o
                                      0x4a38d (size before relaxing)
 .debug_str     0x000000000005121c      0x109 ./system/src/cortexm/exception_handlers.o
                                      0x4f376 (size before relaxing)
 .debug_str     0x0000000000051325      0x108 ./system/src/cmsis/system_stm32f0xx.o
                                      0x4a412 (size before relaxing)
 .debug_str     0x000000000005142d       0x56 ./system/src/cmsis/vectors_stm32f0xx.o
                                       0x3811 (size before relaxing)
 .debug_str     0x0000000000051483      0x27f ./src/Timer.o
                                      0x4a653 (size before relaxing)
 .debug_str     0x0000000000051702      0x383 ./src/lcd_stm32f0.o
                                      0x4a6fe (size before relaxing)
 .debug_str     0x0000000000051a85      0x10c ./src/main.o
                                      0x4a7af (size before relaxing)

.debug_loc      0x0000000000000000      0x7fc
 *(.debug_loc)
 .debug_loc     0x0000000000000000       0x99 ./system/src/newlib/_sbrk.o
 .debug_loc     0x0000000000000099      0x1a9 ./system/src/newlib/_startup.o
 .debug_loc     0x0000000000000242       0x63 ./system/src/newlib/_syscalls.o
 .debug_loc     0x00000000000002a5       0xf6 ./system/src/diag/Trace.o
 .debug_loc     0x000000000000039b      0x10a ./system/src/diag/trace_impl.o
 .debug_loc     0x00000000000004a5       0x94 ./system/src/cortexm/exception_handlers.o
 .debug_loc     0x0000000000000539      0x150 ./system/src/cmsis/system_stm32f0xx.o
 .debug_loc     0x0000000000000689       0x59 ./src/Timer.o
 .debug_loc     0x00000000000006e2       0xe8 ./src/lcd_stm32f0.o
 .debug_loc     0x00000000000007ca       0x32 ./src/main.o

.debug_macinfo
 *(.debug_macinfo)

.debug_weaknames
 *(.debug_weaknames)

.debug_funcnames
 *(.debug_funcnames)

.debug_typenames
 *(.debug_typenames)

.debug_varnames
 *(.debug_varnames)
OUTPUT(Robot_Ver1.0.elf elf32-littlearm)

.debug_ranges   0x0000000000000000      0x258
 .debug_ranges  0x0000000000000000       0x18 ./system/src/newlib/_exit.o
 .debug_ranges  0x0000000000000018       0x10 ./system/src/newlib/_sbrk.o
 .debug_ranges  0x0000000000000028       0x78 ./system/src/newlib/_startup.o
 .debug_ranges  0x00000000000000a0       0x20 ./system/src/newlib/_syscalls.o
 .debug_ranges  0x00000000000000c0       0x28 ./system/src/diag/Trace.o
 .debug_ranges  0x00000000000000e8       0x50 ./system/src/diag/trace_impl.o
 .debug_ranges  0x0000000000000138       0x18 ./system/src/cortexm/_initialize_hardware.o
 .debug_ranges  0x0000000000000150       0x48 ./system/src/cortexm/exception_handlers.o
 .debug_ranges  0x0000000000000198       0x20 ./system/src/cmsis/system_stm32f0xx.o
 .debug_ranges  0x00000000000001b8       0x10 ./system/src/cmsis/vectors_stm32f0xx.o
 .debug_ranges  0x00000000000001c8       0x28 ./src/Timer.o
 .debug_ranges  0x00000000000001f0       0x38 ./src/lcd_stm32f0.o
 .debug_ranges  0x0000000000000228       0x30 ./src/main.o

.debug_macro    0x0000000000000000     0x2a6c
 .debug_macro   0x0000000000000000      0x1b4 ./system/src/newlib/_exit.o
 .debug_macro   0x00000000000001b4       0x34 ./system/src/newlib/_exit.o
 .debug_macro   0x00000000000001e8      0x10e ./system/src/newlib/_exit.o
 .debug_macro   0x00000000000002f6       0x8d ./system/src/newlib/_exit.o
 .debug_macro   0x0000000000000383       0x43 ./system/src/newlib/_exit.o
 .debug_macro   0x00000000000003c6      0x330 ./system/src/newlib/_exit.o
 .debug_macro   0x00000000000006f6       0x35 ./system/src/newlib/_exit.o
 .debug_macro   0x000000000000072b      0x169 ./system/src/newlib/_sbrk.o
 .debug_macro   0x0000000000000894      0x174 ./system/src/newlib/_sbrk.o
 .debug_macro   0x0000000000000a08       0x10 ./system/src/newlib/_sbrk.o
 .debug_macro   0x0000000000000a18      0x23b ./system/src/newlib/_sbrk.o
 .debug_macro   0x0000000000000c53      0x173 ./system/src/newlib/_startup.o
 .debug_macro   0x0000000000000dc6      0x217 ./system/src/newlib/_syscalls.o
 .debug_macro   0x0000000000000fdd       0x1c ./system/src/newlib/_syscalls.o
 .debug_macro   0x0000000000000ff9       0x10 ./system/src/newlib/_syscalls.o
 .debug_macro   0x0000000000001009       0x10 ./system/src/newlib/_syscalls.o
 .debug_macro   0x0000000000001019       0x10 ./system/src/newlib/_syscalls.o
 .debug_macro   0x0000000000001029       0x35 ./system/src/newlib/_syscalls.o
 .debug_macro   0x000000000000105e      0x122 ./system/src/newlib/_syscalls.o
 .debug_macro   0x0000000000001180       0x88 ./system/src/newlib/_syscalls.o
 .debug_macro   0x0000000000001208       0x2b ./system/src/newlib/_syscalls.o
 .debug_macro   0x0000000000001233      0x118 ./system/src/newlib/_syscalls.o
 .debug_macro   0x000000000000134b      0x189 ./system/src/newlib/_syscalls.o
 .debug_macro   0x00000000000014d4       0x16 ./system/src/newlib/_syscalls.o
 .debug_macro   0x00000000000014ea      0x1fb ./system/src/diag/Trace.o
 .debug_macro   0x00000000000016e5       0x16 ./system/src/diag/Trace.o
 .debug_macro   0x00000000000016fb       0x97 ./system/src/diag/Trace.o
 .debug_macro   0x0000000000001792       0xfd ./system/src/diag/Trace.o
 .debug_macro   0x000000000000188f       0x10 ./system/src/diag/Trace.o
 .debug_macro   0x000000000000189f       0x16 ./system/src/diag/Trace.o
 .debug_macro   0x00000000000018b5      0x16f ./system/src/diag/Trace.o
 .debug_macro   0x0000000000001a24       0x4c ./system/src/diag/Trace.o
 .debug_macro   0x0000000000001a70       0x16 ./system/src/diag/Trace.o
 .debug_macro   0x0000000000001a86      0x2d4 ./system/src/diag/trace_impl.o
 .debug_macro   0x0000000000001d5a       0x10 ./system/src/diag/trace_impl.o
 .debug_macro   0x0000000000001d6a       0xcf ./system/src/diag/trace_impl.o
 .debug_macro   0x0000000000001e39       0xbe ./system/src/diag/trace_impl.o
 .debug_macro   0x0000000000001ef7       0x22 ./system/src/diag/trace_impl.o
 .debug_macro   0x0000000000001f19      0x165 ./system/src/cortexm/_initialize_hardware.o
 .debug_macro   0x000000000000207e      0x31e ./system/src/cortexm/exception_handlers.o
 .debug_macro   0x000000000000239c       0x3b ./system/src/cortexm/exception_handlers.o
 .debug_macro   0x00000000000023d7       0x10 ./system/src/cortexm/exception_handlers.o
 .debug_macro   0x00000000000023e7      0x15b ./system/src/cmsis/system_stm32f0xx.o
 .debug_macro   0x0000000000002542       0x34 ./system/src/cmsis/vectors_stm32f0xx.o
 .debug_macro   0x0000000000002576      0x17e ./src/Timer.o
 .debug_macro   0x00000000000026f4       0x10 ./src/Timer.o
 .debug_macro   0x0000000000002704      0x16a ./src/lcd_stm32f0.o
 .debug_macro   0x000000000000286e       0x82 ./src/lcd_stm32f0.o
 .debug_macro   0x00000000000028f0      0x17c ./src/main.o
